[    0.0s] ==============================================================================
[    0.0s] EXP12 - global/local run-index mapping fix in the honest inner cross-fit
[    0.0s] ==============================================================================
[    0.0s] label config: seed=42 n_estimators=600 leaves=63 lr=0.05 (single config, A/B)
[    1.0s] verified Exp07 B artifacts: 32 provenance checks in 0.14s
[    4.5s] corpus: n=10000  window rows=457203  window feats=83  foundation=249
[    4.5s] 
[    4.5s] ------------------------------------------------------------------------------
[    4.5s] STEP 1  production nuance: does submission_exp08 share the defect?
[    4.5s] ------------------------------------------------------------------------------
[    4.6s] probe 1 (real high global ids [9997, 9998, 9999] in a 10000-run space): 3/3 kept, 0 lost
[    4.6s] probe 2 (sparse ids [1, 7, 9]): aligned by id = True
[    4.6s] VERDICT: PRODUCTION IS CORRECT (CASE A)
[    4.6s] 
[    4.6s] ------------------------------------------------------------------------------
[    4.6s] STEP 2  coverage: mapping losses, structural ownership (not '!= 0')
[    4.6s] ------------------------------------------------------------------------------
[    4.6s] 
[    4.6s] ------------------------------------------------------------------------------
[    4.6s] STEP 3  paired run - one inner fit per (fold, j), grouped two ways
[    4.6s] ------------------------------------------------------------------------------
[    4.6s] A = Exp07 mapping WITH bug   B = mapping FIXED   (identical probabilities)
[  149.0s]     fold 0: n_tr=6666 n_val=3334  lost old=2182 fixed=0  diff_tr_rows=2182  144.5s
[  346.3s]     fold 1: n_tr=6667 n_val=3333  lost old=2223 fixed=0  diff_tr_rows=2223  144.4s
[  560.1s]     fold 2: n_tr=6667 n_val=3333  lost old=2261 fixed=0  diff_tr_rows=2261  144.6s
[  618.6s] honest stacking verified on all 3 folds
[  618.6s] fold 0 coverage: OLD lost 2182 / 6666 run-instances ; FIXED lost 0
[  618.6s] fold 1 coverage: OLD lost 2223 / 6667 run-instances ; FIXED lost 0
[  618.6s] fold 2 coverage: OLD lost 2261 / 6667 run-instances ; FIXED lost 0
[  618.6s] 
[  618.6s] ------------------------------------------------------------------------------
[  618.6s] STEP 4  REPRODUCTION GATE - control A must reproduce sealed exp08
[  618.6s] ------------------------------------------------------------------------------
[  618.8s]   macro_f1         expected 0.7894323366835861  got 0.7894323366835861  diff 0.000e+00
[  618.8s]   robustness_f1    expected 0.7368470046834376  got 0.7368470046834376  diff 0.000e+00
[  618.8s]   success_f1       expected 0.8643757406010988  got 0.8643757406010988  diff 0.000e+00
[  618.8s]   fault_turn_hit2  expected 0.6086111111111111  got 0.6086111111111111  diff 0.000e+00
[  618.8s]   composite        expected 0.7694453917139285  got 0.7694453917139285  diff 0.000e+00
[  618.8s]   5/5 metrics within 1e-12 : True
[  618.8s]   control A probabilities bit-identical to sealed exp08 OOF : no (A and B differ - checking A against the seal)
[  618.8s]   sha256(A)    = edbaf8d766f97f28bce12e72fbf9fee67533124d78ab8dc17fdfdb31211297e8
[  618.8s]   sha256(B)    = b7e92bd4e14fa59c8c340e65c70317d49d7cca6c18a841fd248217617d1fc9d1
[  618.8s]   sha256(seal) = edbaf8d766f97f28bce12e72fbf9fee67533124d78ab8dc17fdfdb31211297e8
[  618.8s]   A == sealed artifact byte-for-byte : True
[  618.8s] REPRODUCTION GATE PASSED - control A is the incumbent. Scoring B.
[  618.8s] 
[  618.8s] ------------------------------------------------------------------------------
[  618.8s] STEP 5  official metrics (evaluation.metrics only)
[  618.8s] ------------------------------------------------------------------------------
[  618.8s]   macro_f1         A 0.7894323366835861  B 0.7873785254579829  delta -0.0020538112256032
[  618.8s]   robustness_f1    A 0.7368470046834376  B 0.7368422139406114  delta -0.0000047907428261
[  618.8s]   success_f1       A 0.8643757406010988  B 0.8643757406010988  delta +0.0000000000000000
[  618.8s]   fault_turn_hit2  A 0.6086111111111111  B 0.6093055555555555  delta +0.0006944444444444
[  618.8s]   composite        A 0.7694453917139285  B 0.7684867328598647  delta -0.0009586588540638
[  618.8s] changed OOF labels: 546 / 10000
[  618.8s]   per-class clean              A 0.865003  B 0.866885  delta +0.001881
[  618.8s]   per-class dropped_handoff    A 0.635637  B 0.629351  delta -0.006286
[  618.8s]   per-class duplicated_work    A 0.829642  B 0.836348  delta +0.006706
[  618.8s]   per-class deadlock           A 0.721739  B 0.714348  delta -0.007391
[  618.8s]   per-class conflict           A 0.903175  B 0.901021  delta -0.002154
[  618.8s]   per-class goal_drift         A 0.846898  B 0.840836  delta -0.006062
[  618.8s]   per-class runaway_loop       A 0.723932  B 0.722861  delta -0.001071
[  618.8s] fold 0: A 0.766170 -> B 0.765639  delta -0.000531  LOSS
[  618.8s] fold 1: A 0.774745 -> B 0.769232  delta -0.005513  LOSS
[  618.8s] fold 2: A 0.766441 -> B 0.770273  delta +0.003832  WIN
[  618.8s] 
[  618.8s] ------------------------------------------------------------------------------
[  618.8s] STEP 6  pre-declared promotion gate
[  618.8s] ------------------------------------------------------------------------------
[  618.8s]   composite delta >= +0.002              value -0.000959  FAIL
[  618.8s]   wins >= 2/3 folds                      value +1.000000  FAIL
[  618.8s]   robustness drop <= 0.003               value +0.000005  PASS
[  618.8s]   worst class F1 drop <= 0.02            value +0.007391  PASS
[  618.8s] PROMOTION GATE: FAIL
[  618.8s] 
[  618.8s] ------------------------------------------------------------------------------
[  618.8s] STEP 7  production outcome
[  618.8s] ------------------------------------------------------------------------------
[  618.8s] CASE A: production already correct. Behaviour UNCHANGED. No ZIP.
[  618.8s] 
[  618.8s] VERDICT: STOP
[  618.8s] No second fix, no tuning, no Exp13, no submission, no ZIP.
