
==============================================================================
EXP13 (CORRECTED) - FOLD-LOCAL PAIRED A/B ON THE WAIT GRAPH
==============================================================================
the earlier global-X300 result is INVALID (non-comparable baseline)
no feature, parser, seed, parameter, threshold or gate has changed

-- 1. VERIFIED INPUTS
   runs=10000 folds=3 checks=32 sealed_proba=(10000, 7) float32
   sealed sha256 edbaf8d766f97f28bce12e72fbf9fee6...
   foundation (10000, 249)  windows (457203, 83)

-- 2. WAIT-GRAPH BLOCK (fold-independent, computed once)
   (10000, 12) from 10000 runs: wg_n_wait_edges,wg_n_unique_wait_edges,wg_n_recip_pairs,wg_has_recip_pair,wg_recip_wait_share,wg_n_same_subtask_recip_pairs,wg_has_same_subtask_recip_pair,wg_earliest_recip_pos_rel,wg_max_pair_wait_events,wg_max_pair_repeat_after_onset,wg_max_pair_span_rel,wg_n_agents_in_recip_pairs
   leakage probe (targets overwritten on 300 runs): identical=True

-- 3. FOLD-LOCAL PAIRED FITS - CONTROL A first, then B, same windows
   label params from common.lgb_label(), random_state=42
    fold 0: window fits done, 300-col matrices built  181.0s
    fold 0: A fitted on 6666 rows
    fold 0: B fitted on the SAME rows + 12 columns
    fold 1: window fits done, 300-col matrices built  174.7s
    fold 1: A fitted on 6667 rows
    fold 1: B fitted on the SAME rows + 12 columns
    fold 2: window fits done, 300-col matrices built  187.7s
    fold 2: A fitted on 6667 rows
    fold 2: B fitted on the SAME rows + 12 columns

-- 4. CONTROL A SEALED PARITY (gate before any candidate scoring)
   A sha256      : edbaf8d766f97f28bce12e72fbf9fee6...
   sealed sha256 : edbaf8d766f97f28bce12e72fbf9fee6...
   bit identical : True
   argmax labels : 0 / 10000 differ
   max|dP|       : 0.000e+00
   macro_f1           expected 0.7894323366835861 got 0.7894323366835861 diff 0.00e+00 PASS
   robustness_f1      expected 0.7368470046834376 got 0.7368470046834376 diff 0.00e+00 PASS
   success_f1         expected 0.8643757406010988 got 0.8643757406010988 diff 0.00e+00 PASS
   fault_turn_hit2    expected 0.6086111111111111 got 0.6086111111111111 diff 0.00e+00 PASS
   composite          expected 0.7694453917139285 got 0.7694453917139285 diff 0.00e+00 PASS
   CONTROL A REPRODUCTION: PASS

-- 5. PAIRED METRICS - A vs B (official evaluation.metrics only)
   metric               A (sealed exp08)     B (paired)        delta
   macro_f1                   0.789432       0.815868    +0.026436
   robustness_f1              0.736847       0.767013    +0.030166
   success_f1                 0.864376       0.864376    +0.000000
   fault_turn_hit2            0.608611       0.632778    +0.024167
   composite                  0.769445       0.792622    +0.023176

   per-class F1:
   clean                0.8650 -> 0.8784  (+0.0134)
   dropped_handoff      0.6356 -> 0.6648  (+0.0291)
   duplicated_work      0.8296 -> 0.8416  (+0.0120)
   deadlock             0.7217 -> 0.8367  (+0.1150)
   conflict             0.9032 -> 0.9059  (+0.0027)
   goal_drift           0.8469 -> 0.8482  (+0.0013)
   runaway_loop         0.7239 -> 0.7355  (+0.0116)

-- 6. DEADLOCK
   F1        0.7217 -> 0.8367  (+0.1150)
   precision 0.7545 -> 0.8262
   recall    0.6917 -> 0.8475
   tp 830->1017  fp 270->214  fn 370->183
   deadlock -> clean : 123 -> 43  (-80)

-- 7. FOLD STABILITY
   fold 0 n=3334 composite +0.024856  macro +0.024072  rob +0.043112  hit2 +0.020417  dl_F1 0.7299->0.8308 (+0.1009)
   fold 1 n=3333 composite +0.019565  macro +0.024696  rob +0.020700  hit2 +0.020417  dl_F1 0.7282->0.8450 (+0.1168)
   fold 2 n=3333 composite +0.024141  macro +0.030582  rob +0.022735  hit2 +0.031667  dl_F1 0.7067->0.8339 (+0.1273)

-- 8. DIAGNOSTICS
   wg_* gain share: 0.0994
      wg_max_pair_span_rel             0.03812
      wg_n_same_subtask_recip_pairs    0.02849
      wg_n_unique_wait_edges           0.01124
      wg_n_recip_pairs                 0.00620
      wg_has_same_subtask_recip_pair   0.00398
      wg_recip_wait_share              0.00385
      wg_earliest_recip_pos_rel        0.00342
      wg_n_wait_edges                  0.00151
      wg_n_agents_in_recip_pairs       0.00092
      wg_max_pair_repeat_after_onset   0.00084
      wg_max_pair_wait_events          0.00080
      wg_has_recip_pair                0.00003
   changed labels 708/10000 (7.08%)
   wrong->right 426   right->wrong 191
   true deadlock: fixed 212 / broken 25 (of 1200)

-- 9. GATE (unchanged thresholds)
   composite_delta>=+0.002            +0.02318  PASS
   folds_won>=2                       +3.00000  PASS
   deadlock_f1_delta>=+0.015          +0.11495  PASS
   deadlock_folds_won>=2              +3.00000  PASS
   robustness>=-0.003                 +0.03017  PASS
   no_class_worse_than_-0.02          -0.00000  PASS
   worst class drop: None -0.00000
   VERDICT: PROMOTE
